cargo :     Finished `release` profile [optimized] target(s) in 0.49s
At line:1 char:1
+ cargo build --release *> build_output.txt; echo "EXIT:$LASTEXITCODE"; ...
+ ~~~~~~~~~~~~~~~~~~~~~~~~~~~~~~~~~~~~~~~~~
    + CategoryInfo          : NotSpecified: (    Finished `r...get(s) in 0.49s 
   :String) [], RemoteException
    + FullyQualifiedErrorId : NativeCommandError
 
